<?php return array (
  0 => 'Symfony\\Bundle\\FrameworkBundle\\Controller\\AbstractController',
  1 => 'App\\Controller\\Api\\V1\\CarrierInfoController',
  2 => 'App\\Controller\\Api\\V1\\CommentsController',
  3 => 'App\\Controller\\Api\\V1\\EPickerController',
  4 => 'App\\Controller\\Api\\V1\\FileManagerController',
  5 => 'App\\Controller\\Api\\V1\\PlaceController',
  6 => 'App\\Controller\\Api\\V1\\SearchController',
  7 => 'App\\Controller\\Api\\V1\\SkillsController',
  8 => 'App\\Controller\\Api\\V1\\SyncController',
  9 => 'App\\Controller\\Api\\V1\\TripDetailsController',
  10 => 'App\\Controller\\Api\\V1\\TripsListController',
  11 => 'App\\Controller\\Api\\V1\\UserController',
  12 => 'App\\Controller\\Api\\V1\\UserProfileController',
  13 => 'App\\Controller\\Api\\V1\\UsersListController',
  14 => 'App\\Controller\\BlindController',
  15 => 'App\\Controller\\JsonResponseTrait',
  16 => 'App\\Entity\\Airline',
  17 => 'App\\Entity\\AirportIATA',
  18 => 'App\\Entity\\CheckList',
  19 => 'App\\Entity\\Comment',
  20 => 'App\\Entity\\EPicker',
  21 => 'App\\Entity\\Location',
  22 => 'App\\Entity\\MasterType',
  23 => 'App\\Entity\\Milestone',
  24 => 'App\\Entity\\Skill',
  25 => 'App\\Entity\\Trip',
  26 => 'App\\Entity\\TripUserRole',
  27 => 'App\\Entity\\User',
  28 => 'Doctrine\\Bundle\\DoctrineBundle\\Controller\\ProfilerController',
  29 => 'Doctrine\\ORM\\Cache\\Persister\\Entity\\AbstractEntityPersister',
  30 => 'Doctrine\\ORM\\Cache\\Persister\\Entity\\CachedEntityPersister',
  31 => 'Doctrine\\ORM\\Cache\\Persister\\Entity\\NonStrictReadWriteCachedEntityPersister',
  32 => 'Doctrine\\ORM\\Cache\\Persister\\Entity\\ReadOnlyCachedEntityPersister',
  33 => 'Doctrine\\ORM\\Cache\\Persister\\Entity\\ReadWriteCachedEntityPersister',
  34 => 'Doctrine\\ORM\\Persisters\\Entity\\AbstractEntityInheritancePersister',
  35 => 'Doctrine\\ORM\\Persisters\\Entity\\BasicEntityPersister',
  36 => 'Doctrine\\ORM\\Persisters\\Entity\\CachedPersisterContext',
  37 => 'Doctrine\\ORM\\Persisters\\Entity\\EntityPersister',
  38 => 'Doctrine\\ORM\\Persisters\\Entity\\JoinedSubclassPersister',
  39 => 'Doctrine\\ORM\\Persisters\\Entity\\SingleTablePersister',
  41 => 'Symfony\\Bundle\\FrameworkBundle\\Controller\\ControllerResolver',
  42 => 'Symfony\\Bundle\\FrameworkBundle\\Controller\\RedirectController',
  43 => 'Symfony\\Bundle\\FrameworkBundle\\Controller\\TemplateController',
  44 => 'Symfony\\Component\\HttpKernel\\Controller\\ArgumentResolver',
  45 => 'Symfony\\Component\\HttpKernel\\Controller\\ArgumentResolverInterface',
  46 => 'Symfony\\Component\\HttpKernel\\Controller\\ArgumentResolver\\DefaultValueResolver',
  47 => 'Symfony\\Component\\HttpKernel\\Controller\\ArgumentResolver\\NotTaggedControllerValueResolver',
  48 => 'Symfony\\Component\\HttpKernel\\Controller\\ArgumentResolver\\RequestAttributeValueResolver',
  49 => 'Symfony\\Component\\HttpKernel\\Controller\\ArgumentResolver\\RequestValueResolver',
  50 => 'Symfony\\Component\\HttpKernel\\Controller\\ArgumentResolver\\ServiceValueResolver',
  51 => 'Symfony\\Component\\HttpKernel\\Controller\\ArgumentResolver\\SessionValueResolver',
  52 => 'Symfony\\Component\\HttpKernel\\Controller\\ArgumentResolver\\TraceableValueResolver',
  53 => 'Symfony\\Component\\HttpKernel\\Controller\\ArgumentResolver\\VariadicValueResolver',
  54 => 'Symfony\\Component\\HttpKernel\\Controller\\ArgumentValueResolverInterface',
  55 => 'Symfony\\Component\\HttpKernel\\Controller\\ContainerControllerResolver',
  56 => 'Symfony\\Component\\HttpKernel\\Controller\\ControllerReference',
  57 => 'Symfony\\Component\\HttpKernel\\Controller\\ControllerResolver',
  58 => 'Symfony\\Component\\HttpKernel\\Controller\\ControllerResolverInterface',
  59 => 'Symfony\\Component\\HttpKernel\\Controller\\ErrorController',
  60 => 'Symfony\\Component\\HttpKernel\\Controller\\TraceableArgumentResolver',
  61 => 'Symfony\\Component\\HttpKernel\\Controller\\TraceableControllerResolver',
  62 => 'Symfony\\Component\\Security\\Http\\Controller\\UserValueResolver',
);